Backend main: entry point loaded [0.105 s since backend process start]
Backend server: loading modules... [0.107 s since backend process start]
Backend server: container created [0.202 s since backend process start]
Backend server: modules loaded [0.224 s since backend process start]
Backend server: resolving application [0.232 s since backend process start]
2026-09-03T03:14:53.003Z core:Stopwatch WARN Backend om.initialize took longer than the expected maximum 50 milliseconds: 56.9 ms [0.292 s since backend process start]
2026-09-03T03:14:53.004Z core:Stopwatch WARN Backend Object.initialize took longer than the expected maximum 50 milliseconds: 56.3 ms [0.292 s since backend process start]
2026-09-03T03:14:53.004Z core:Stopwatch WARN Backend T2.initialize took longer than the expected maximum 50 milliseconds: 56.4 ms [0.292 s since backend process start]
2026-09-03T03:14:53.007Z core:BackendApplication INFO configured all backend app contributions
2026-09-03T03:14:53.010Z core:BackendApplication INFO Theia app listening on http://127.0.0.1:3033.
2026-09-03T03:14:53.010Z core:EnvVariablesServerImpl INFO Configuration directory URI: 'file:///c%3A/Users/bdf19/.theia'
2026-09-03T03:14:53.013Z core:Stopwatch INFO Backend application startup sequence completed (async work may still be pending): 7.8 ms [0.302 s since backend process start]
2026-09-03T03:14:53.013Z core:Stopwatch INFO All backend contributions settled: 69.0 ms [0.302 s since backend process start]
2026-09-03T03:15:06.924Z core:WebsocketFrontendConnectionService INFO creating connection for 1fe9af9e-7c46-477b-9185-623ee0160066
2026-09-03T03:15:07.370Z core:FrontendStopwatch INFO Start frontend contributions: 86.2 ms [0.901 s since frontend page start]
2026-09-03T03:15:07.370Z core:FrontendApplicationStateService INFO Changed application state from 'init' to 'started_contributions'.
2026-09-03T03:15:07.372Z core:FrontendApplicationStateService INFO Changed application state from 'started_contributions' to 'attached_shell'.
2026-09-03T03:15:07.372Z core:ShellLayoutRestorer INFO >>> Restoring the layout state...
2026-09-03T03:15:07.388Z core:ShellLayoutRestorer INFO <<< Nothing to restore.
2026-09-03T03:15:07.452Z core:FrontendStopwatch INFO Initialize the workbench layout: 75.6 ms [0.985 s since frontend page start]
2026-09-03T03:15:07.452Z core:FrontendApplicationStateService INFO Changed application state from 'attached_shell' to 'initialized_layout'.
2026-09-03T03:15:08.257Z core:Stopwatch INFO Frontend application startup sequence completed (async work may still be pending): 938.7 ms [15.546 s since backend process start]
2026-09-03T03:15:08.258Z core:FrontendStopwatch INFO Replace loading indicator with ready workbench UI (animation): 808.2 ms [1.794 s since frontend page start]
2026-09-03T03:15:08.258Z core:FrontendApplicationStateService INFO Changed application state from 'initialized_layout' to 'ready'.
2026-09-03T03:15:08.258Z core:FrontendStopwatch INFO All frontend contributions settled: 979.8 ms [1.794 s since frontend page start]
2026-09-03T03:15:26.738Z core:ApplicationShell WARN Widget was activated, but did not accept focus after 2000ms: ide-seam:seam-widget
2026-09-03T03:16:11.897Z task:ProcessTask INFO Created new task, id: 0, process id: 1355354963, OS PID: 0, context: file:///c%3A/Users/bdf19/workstation/worktrees/ide/theia-hosts-the-state-packet-seam/poc/theia-host/fixtures/workspace
2026-09-03T03:16:35.426Z core:ApplicationShell WARN Widget was activated, but did not accept focus after 2000ms: ide-seam:seam-widget
2026-09-03T03:16:36.739Z core:WebsocketFrontendConnectionService INFO socket closed
2026-09-03T03:16:36.739Z core:WebsocketFrontendConnectionService INFO closing connection for 1fe9af9e-7c46-477b-9185-623ee0160066
2026-09-03T03:16:36.739Z core:DefaultMessagingService INFO Closing channel on service path '/localization-server'.
2026-09-03T03:16:36.739Z core:DefaultMessagingService INFO Closing channel on service path '/os'.
2026-09-03T03:16:36.739Z core:DefaultMessagingService INFO Closing channel on service path '/services/logger'.
2026-09-03T03:16:36.739Z core:DefaultMessagingService INFO Closing channel on service path '/services/commands'.
2026-09-03T03:16:36.739Z core:DefaultMessagingService INFO Closing channel on service path '/services/messageService'.
2026-09-03T03:16:36.739Z core:DefaultMessagingService INFO Closing channel on service path '/services/remote-filesystem'.
2026-09-03T03:16:36.739Z core:DefaultMessagingService INFO Closing channel on service path '/services/envs'.
2026-09-03T03:16:36.739Z core:DefaultMessagingService INFO Closing channel on service path '/services/workspace'.
2026-09-03T03:16:36.739Z core:DefaultMessagingService INFO Closing channel on service path '/services/quickInput'.
2026-09-03T03:16:36.739Z core:DefaultMessagingService INFO Closing channel on service path '/services/stopwatch'.
2026-09-03T03:16:36.739Z core:DefaultMessagingService INFO Closing channel on service path '/services/application'.
2026-09-03T03:16:36.739Z core:DefaultMessagingService INFO Closing channel on service path '/services/i18n'.
2026-09-03T03:16:36.739Z core:DefaultMessagingService INFO Closing channel on service path '/services/shell-terminal'.
2026-09-03T03:16:36.739Z core:DefaultMessagingService INFO Closing channel on service path '/services/task'.
2026-09-03T03:16:36.739Z core:DefaultMessagingService INFO Closing channel on service path '/services/quickPick'.
2026-09-03T03:16:36.739Z core:DefaultMessagingService INFO Closing channel on service path '/services/cli-preferences'.
2026-09-03T03:16:36.739Z core:DefaultMessagingService INFO Closing channel on service path '/services/search'.
2026-09-03T03:16:36.739Z core:DefaultMessagingService INFO Closing channel on service path '/services/terminals/514732157'.
2026-09-03T03:16:36.739Z core:DefaultMessagingService INFO Closing channel on service path '/services/terminals/832441199'.
