Backend main: entry point loaded [0.116 s since backend process start]
Backend server: loading modules... [0.118 s since backend process start]
Backend server: container created [0.222 s since backend process start]
Backend server: modules loaded [0.248 s since backend process start]
Backend server: resolving application [0.258 s since backend process start]
2026-09-03T02:26:30.709Z core:Stopwatch WARN Backend om.initialize took longer than the expected maximum 50 milliseconds: 66.0 ms [0.327 s since backend process start]
2026-09-03T02:26:30.710Z core:Stopwatch WARN Backend Object.initialize took longer than the expected maximum 50 milliseconds: 64.6 ms [0.327 s since backend process start]
2026-09-03T02:26:30.710Z core:Stopwatch WARN Backend T2.initialize took longer than the expected maximum 50 milliseconds: 64.6 ms [0.327 s since backend process start]
2026-09-03T02:26:30.713Z core:BackendApplication INFO configured all backend app contributions
2026-09-03T02:26:30.716Z core:BackendApplication INFO Theia app listening on http://127.0.0.1:3033.
2026-09-03T02:26:30.717Z core:EnvVariablesServerImpl INFO Configuration directory URI: 'file:///c%3A/Users/bdf19/.theia'
2026-09-03T02:26:30.718Z core:Stopwatch INFO Backend application startup sequence completed (async work may still be pending): 5.7 ms [0.335 s since backend process start]
2026-09-03T02:26:30.718Z core:Stopwatch INFO All backend contributions settled: 76.4 ms [0.335 s since backend process start]
2026-09-03T02:31:21.930Z core:WebsocketFrontendConnectionService INFO creating connection for 1781e0be-0adb-463d-903b-0cff3ee7dcc5
2026-09-03T02:31:22.371Z core:CommandRegistry WARN A command ideSeam.toggleSeamView is already registered.
2026-09-03T02:31:22.371Z core:CommandRegistry WARN A command ideSeam.statePacket is already registered.
2026-09-03T02:31:22.371Z core:CommandRegistry WARN A command ideSeam.applyPatch is already registered.
2026-09-03T02:31:22.371Z core:CommandRegistry WARN A command ideSeam.runPython is already registered.
2026-09-03T02:31:22.407Z core:FrontendStopwatch INFO Start frontend contributions: 89.4 ms [0.995 s since frontend page start]
2026-09-03T02:31:22.407Z core:FrontendApplicationStateService INFO Changed application state from 'init' to 'started_contributions'.
2026-09-03T02:31:22.411Z core:FrontendApplicationStateService INFO Changed application state from 'started_contributions' to 'attached_shell'.
2026-09-03T02:31:22.411Z core:ShellLayoutRestorer INFO >>> Restoring the layout state...
2026-09-03T02:31:22.423Z core:ShellLayoutRestorer INFO <<< Nothing to restore.
2026-09-03T02:31:22.535Z core:FrontendStopwatch WARN Frontend Ld.initializeLayout took longer than the expected maximum 100 milliseconds: 110.9 ms [1.128 s since frontend page start]
2026-09-03T02:31:22.547Z core:FrontendStopwatch INFO Initialize the workbench layout: 135.9 ms [1.140 s since frontend page start]
2026-09-03T02:31:22.547Z core:FrontendApplicationStateService INFO Changed application state from 'attached_shell' to 'initialized_layout'.
2026-09-03T02:31:23.357Z core:FrontendStopwatch INFO Replace loading indicator with ready workbench UI (animation): 809.9 ms [1.951 s since frontend page start]
2026-09-03T02:31:23.357Z core:Stopwatch INFO Frontend application startup sequence completed (async work may still be pending): 1004.7 ms [292.961 s since backend process start]
2026-09-03T02:31:23.358Z core:FrontendApplicationStateService INFO Changed application state from 'initialized_layout' to 'ready'.
2026-09-03T02:31:23.358Z core:FrontendStopwatch INFO All frontend contributions settled: 1046.0 ms [1.951 s since frontend page start]
2026-09-03T02:32:07.113Z core:WebsocketFrontendConnectionService INFO socket closed
2026-09-03T02:32:07.113Z core:WebsocketFrontendConnectionService INFO closing connection for 1781e0be-0adb-463d-903b-0cff3ee7dcc5
2026-09-03T02:32:07.113Z core:DefaultMessagingService INFO Closing channel on service path '/localization-server'.
2026-09-03T02:32:07.113Z core:DefaultMessagingService INFO Closing channel on service path '/os'.
2026-09-03T02:32:07.113Z core:DefaultMessagingService INFO Closing channel on service path '/services/logger'.
2026-09-03T02:32:07.113Z core:DefaultMessagingService INFO Closing channel on service path '/services/commands'.
2026-09-03T02:32:07.113Z core:DefaultMessagingService INFO Closing channel on service path '/services/messageService'.
2026-09-03T02:32:07.113Z core:DefaultMessagingService INFO Closing channel on service path '/services/remote-filesystem'.
2026-09-03T02:32:07.113Z core:DefaultMessagingService INFO Closing channel on service path '/services/envs'.
2026-09-03T02:32:07.113Z core:DefaultMessagingService INFO Closing channel on service path '/services/workspace'.
2026-09-03T02:32:07.113Z core:DefaultMessagingService INFO Closing channel on service path '/services/quickInput'.
2026-09-03T02:32:07.113Z core:DefaultMessagingService INFO Closing channel on service path '/services/stopwatch'.
2026-09-03T02:32:07.113Z core:DefaultMessagingService INFO Closing channel on service path '/services/application'.
2026-09-03T02:32:07.113Z core:DefaultMessagingService INFO Closing channel on service path '/services/i18n'.
2026-09-03T02:32:07.113Z core:DefaultMessagingService INFO Closing channel on service path '/services/shell-terminal'.
2026-09-03T02:32:07.113Z core:DefaultMessagingService INFO Closing channel on service path '/services/task'.
2026-09-03T02:32:07.113Z core:DefaultMessagingService INFO Closing channel on service path '/services/quickPick'.
2026-09-03T02:32:07.114Z core:DefaultMessagingService INFO Closing channel on service path '/services/cli-preferences'.
2026-09-03T02:32:07.114Z core:DefaultMessagingService INFO Closing channel on service path '/services/search'.
2026-09-03T02:32:07.114Z core:DefaultMessagingService INFO Closing channel on service path '/services/terminals/1334265692'.
2026-09-03T02:32:58.062Z core:WebsocketFrontendConnectionService INFO creating connection for c0687866-f461-4390-86b5-01cbe35172b1
2026-09-03T02:32:58.404Z core:CommandRegistry WARN A command ideSeam.toggleSeamView is already registered.
2026-09-03T02:32:58.405Z core:CommandRegistry WARN A command ideSeam.statePacket is already registered.
2026-09-03T02:32:58.405Z core:CommandRegistry WARN A command ideSeam.applyPatch is already registered.
2026-09-03T02:32:58.405Z core:CommandRegistry WARN A command ideSeam.runPython is already registered.
2026-09-03T02:32:58.444Z core:FrontendStopwatch INFO Start frontend contributions: 95.4 ms [0.921 s since frontend page start]
2026-09-03T02:32:58.444Z core:FrontendApplicationStateService INFO Changed application state from 'init' to 'started_contributions'.
2026-09-03T02:32:58.447Z core:FrontendApplicationStateService INFO Changed application state from 'started_contributions' to 'attached_shell'.
2026-09-03T02:32:58.447Z core:ShellLayoutRestorer INFO >>> Restoring the layout state...
2026-09-03T02:32:58.463Z core:ShellLayoutRestorer INFO <<< Nothing to restore.
2026-09-03T02:32:58.589Z core:FrontendStopwatch WARN Frontend Ld.initializeLayout took longer than the expected maximum 100 milliseconds: 125.0 ms [1.071 s since frontend page start]
2026-09-03T02:32:58.602Z core:FrontendStopwatch INFO Initialize the workbench layout: 154.0 ms [1.085 s since frontend page start]
2026-09-03T02:32:58.609Z core:FrontendApplicationStateService INFO Changed application state from 'attached_shell' to 'initialized_layout'.
2026-09-03T02:32:59.417Z core:Stopwatch INFO Frontend application startup sequence completed (async work may still be pending): 1030.6 ms [389.015 s since backend process start]
2026-09-03T02:32:59.417Z core:FrontendStopwatch INFO Replace loading indicator with ready workbench UI (animation): 814.0 ms [1.899 s since frontend page start]
2026-09-03T02:32:59.417Z core:FrontendApplicationStateService INFO Changed application state from 'initialized_layout' to 'ready'.
2026-09-03T02:32:59.417Z core:FrontendStopwatch INFO All frontend contributions settled: 1074.4 ms [1.899 s since frontend page start]
2026-09-03T02:33:42.199Z core:WebsocketFrontendConnectionService INFO socket closed
2026-09-03T02:33:42.200Z core:WebsocketFrontendConnectionService INFO closing connection for c0687866-f461-4390-86b5-01cbe35172b1
2026-09-03T02:33:42.200Z core:DefaultMessagingService INFO Closing channel on service path '/localization-server'.
2026-09-03T02:33:42.200Z core:DefaultMessagingService INFO Closing channel on service path '/os'.
2026-09-03T02:33:42.200Z core:DefaultMessagingService INFO Closing channel on service path '/services/logger'.
2026-09-03T02:33:42.200Z core:DefaultMessagingService INFO Closing channel on service path '/services/commands'.
2026-09-03T02:33:42.200Z core:DefaultMessagingService INFO Closing channel on service path '/services/messageService'.
2026-09-03T02:33:42.200Z core:DefaultMessagingService INFO Closing channel on service path '/services/remote-filesystem'.
2026-09-03T02:33:42.200Z core:DefaultMessagingService INFO Closing channel on service path '/services/envs'.
2026-09-03T02:33:42.200Z core:DefaultMessagingService INFO Closing channel on service path '/services/workspace'.
2026-09-03T02:33:42.200Z core:DefaultMessagingService INFO Closing channel on service path '/services/quickInput'.
2026-09-03T02:33:42.200Z core:DefaultMessagingService INFO Closing channel on service path '/services/stopwatch'.
2026-09-03T02:33:42.200Z core:DefaultMessagingService INFO Closing channel on service path '/services/application'.
2026-09-03T02:33:42.200Z core:DefaultMessagingService INFO Closing channel on service path '/services/i18n'.
2026-09-03T02:33:42.200Z core:DefaultMessagingService INFO Closing channel on service path '/services/shell-terminal'.
2026-09-03T02:33:42.200Z core:DefaultMessagingService INFO Closing channel on service path '/services/task'.
2026-09-03T02:33:42.200Z core:DefaultMessagingService INFO Closing channel on service path '/services/quickPick'.
2026-09-03T02:33:42.200Z core:DefaultMessagingService INFO Closing channel on service path '/services/cli-preferences'.
2026-09-03T02:33:42.200Z core:DefaultMessagingService INFO Closing channel on service path '/services/search'.
2026-09-03T02:33:42.200Z core:DefaultMessagingService INFO Closing channel on service path '/services/terminals/2084100907'.
2026-09-03T02:34:46.806Z core:WebsocketFrontendConnectionService INFO creating connection for cfcb174d-f4d6-4274-a083-dd684052a486
2026-09-03T02:34:47.240Z core:CommandRegistry WARN A command ideSeam.toggleSeamView is already registered.
2026-09-03T02:34:47.240Z core:CommandRegistry WARN A command ideSeam.statePacket is already registered.
2026-09-03T02:34:47.240Z core:CommandRegistry WARN A command ideSeam.applyPatch is already registered.
2026-09-03T02:34:47.240Z core:CommandRegistry WARN A command ideSeam.runPython is already registered.
2026-09-03T02:34:47.278Z core:FrontendStopwatch INFO Start frontend contributions: 89.3 ms [0.947 s since frontend page start]
2026-09-03T02:34:47.278Z core:FrontendApplicationStateService INFO Changed application state from 'init' to 'started_contributions'.
2026-09-03T02:34:47.282Z core:FrontendApplicationStateService INFO Changed application state from 'started_contributions' to 'attached_shell'.
2026-09-03T02:34:47.282Z core:ShellLayoutRestorer INFO >>> Restoring the layout state...
2026-09-03T02:34:47.297Z core:ShellLayoutRestorer INFO <<< Nothing to restore.
2026-09-03T02:34:47.354Z core:FrontendStopwatch INFO Initialize the workbench layout: 69.9 ms [1.028 s since frontend page start]
2026-09-03T02:34:47.354Z core:FrontendApplicationStateService INFO Changed application state from 'attached_shell' to 'initialized_layout'.
2026-09-03T02:34:48.160Z core:FrontendStopwatch INFO Replace loading indicator with ready workbench UI (animation): 807.0 ms [1.835 s since frontend page start]
2026-09-03T02:34:48.160Z core:Stopwatch INFO Frontend application startup sequence completed (async work may still be pending): 936.5 ms [497.753 s since backend process start]
2026-09-03T02:34:48.160Z core:FrontendApplicationStateService INFO Changed application state from 'initialized_layout' to 'ready'.
2026-09-03T02:34:48.160Z core:FrontendStopwatch INFO All frontend contributions settled: 977.9 ms [1.836 s since frontend page start]
2026-09-03T02:35:33.018Z core:WebsocketFrontendConnectionService INFO socket closed
2026-09-03T02:35:33.018Z core:WebsocketFrontendConnectionService INFO closing connection for cfcb174d-f4d6-4274-a083-dd684052a486
2026-09-03T02:35:33.018Z core:DefaultMessagingService INFO Closing channel on service path '/localization-server'.
2026-09-03T02:35:33.018Z core:DefaultMessagingService INFO Closing channel on service path '/os'.
2026-09-03T02:35:33.018Z core:DefaultMessagingService INFO Closing channel on service path '/services/logger'.
2026-09-03T02:35:33.018Z core:DefaultMessagingService INFO Closing channel on service path '/services/commands'.
2026-09-03T02:35:33.018Z core:DefaultMessagingService INFO Closing channel on service path '/services/messageService'.
2026-09-03T02:35:33.018Z core:DefaultMessagingService INFO Closing channel on service path '/services/remote-filesystem'.
2026-09-03T02:35:33.018Z core:DefaultMessagingService INFO Closing channel on service path '/services/envs'.
2026-09-03T02:35:33.018Z core:DefaultMessagingService INFO Closing channel on service path '/services/workspace'.
2026-09-03T02:35:33.018Z core:DefaultMessagingService INFO Closing channel on service path '/services/quickInput'.
2026-09-03T02:35:33.018Z core:DefaultMessagingService INFO Closing channel on service path '/services/stopwatch'.
2026-09-03T02:35:33.018Z core:DefaultMessagingService INFO Closing channel on service path '/services/application'.
2026-09-03T02:35:33.018Z core:DefaultMessagingService INFO Closing channel on service path '/services/i18n'.
2026-09-03T02:35:33.018Z core:DefaultMessagingService INFO Closing channel on service path '/services/shell-terminal'.
2026-09-03T02:35:33.018Z core:DefaultMessagingService INFO Closing channel on service path '/services/task'.
2026-09-03T02:35:33.018Z core:DefaultMessagingService INFO Closing channel on service path '/services/quickPick'.
2026-09-03T02:35:33.018Z core:DefaultMessagingService INFO Closing channel on service path '/services/cli-preferences'.
2026-09-03T02:35:33.018Z core:DefaultMessagingService INFO Closing channel on service path '/services/search'.
2026-09-03T02:35:33.018Z core:DefaultMessagingService INFO Closing channel on service path '/services/terminals/1772237535'.
2026-09-03T02:36:43.596Z core:WebsocketFrontendConnectionService INFO creating connection for fd9b5421-00af-4bee-b751-429a19941ff4
2026-09-03T02:36:43.924Z core:CommandRegistry WARN A command ideSeam.toggleSeamView is already registered.
2026-09-03T02:36:43.924Z core:CommandRegistry WARN A command ideSeam.statePacket is already registered.
2026-09-03T02:36:43.924Z core:CommandRegistry WARN A command ideSeam.applyPatch is already registered.
2026-09-03T02:36:43.924Z core:CommandRegistry WARN A command ideSeam.runPython is already registered.
2026-09-03T02:36:43.961Z core:FrontendStopwatch INFO Start frontend contributions: 88.2 ms [0.830 s since frontend page start]
2026-09-03T02:36:43.961Z core:FrontendApplicationStateService INFO Changed application state from 'init' to 'started_contributions'.
2026-09-03T02:36:43.963Z core:FrontendApplicationStateService INFO Changed application state from 'started_contributions' to 'attached_shell'.
2026-09-03T02:36:43.963Z core:ShellLayoutRestorer INFO >>> Restoring the layout state...
2026-09-03T02:36:43.979Z core:ShellLayoutRestorer INFO <<< Nothing to restore.
2026-09-03T02:36:44.043Z core:FrontendStopwatch INFO Initialize the workbench layout: 79.5 ms [0.918 s since frontend page start]
2026-09-03T02:36:44.044Z core:FrontendApplicationStateService INFO Changed application state from 'attached_shell' to 'initialized_layout'.
2026-09-03T02:36:44.852Z core:Stopwatch INFO Frontend application startup sequence completed (async work may still be pending): 945.4 ms [614.438 s since backend process start]
2026-09-03T02:36:44.852Z core:FrontendStopwatch INFO Replace loading indicator with ready workbench UI (animation): 808.0 ms [1.727 s since frontend page start]
2026-09-03T02:36:44.852Z core:FrontendApplicationStateService INFO Changed application state from 'initialized_layout' to 'ready'.
2026-09-03T02:36:44.852Z core:FrontendStopwatch INFO All frontend contributions settled: 985.3 ms [1.727 s since frontend page start]
2026-09-03T02:37:34.025Z core:WebsocketFrontendConnectionService INFO socket closed
2026-09-03T02:37:34.025Z core:WebsocketFrontendConnectionService INFO closing connection for fd9b5421-00af-4bee-b751-429a19941ff4
2026-09-03T02:37:34.025Z core:DefaultMessagingService INFO Closing channel on service path '/localization-server'.
2026-09-03T02:37:34.025Z core:DefaultMessagingService INFO Closing channel on service path '/os'.
2026-09-03T02:37:34.025Z core:DefaultMessagingService INFO Closing channel on service path '/services/logger'.
2026-09-03T02:37:34.025Z core:DefaultMessagingService INFO Closing channel on service path '/services/commands'.
2026-09-03T02:37:34.026Z core:DefaultMessagingService INFO Closing channel on service path '/services/messageService'.
2026-09-03T02:37:34.026Z core:DefaultMessagingService INFO Closing channel on service path '/services/remote-filesystem'.
2026-09-03T02:37:34.026Z core:DefaultMessagingService INFO Closing channel on service path '/services/envs'.
2026-09-03T02:37:34.026Z core:DefaultMessagingService INFO Closing channel on service path '/services/workspace'.
2026-09-03T02:37:34.026Z core:DefaultMessagingService INFO Closing channel on service path '/services/quickInput'.
2026-09-03T02:37:34.026Z core:DefaultMessagingService INFO Closing channel on service path '/services/stopwatch'.
2026-09-03T02:37:34.026Z core:DefaultMessagingService INFO Closing channel on service path '/services/application'.
2026-09-03T02:37:34.026Z core:DefaultMessagingService INFO Closing channel on service path '/services/i18n'.
2026-09-03T02:37:34.026Z core:DefaultMessagingService INFO Closing channel on service path '/services/shell-terminal'.
2026-09-03T02:37:34.026Z core:DefaultMessagingService INFO Closing channel on service path '/services/task'.
2026-09-03T02:37:34.026Z core:DefaultMessagingService INFO Closing channel on service path '/services/quickPick'.
2026-09-03T02:37:34.026Z core:DefaultMessagingService INFO Closing channel on service path '/services/cli-preferences'.
2026-09-03T02:37:34.026Z core:DefaultMessagingService INFO Closing channel on service path '/services/search'.
2026-09-03T02:37:34.026Z core:DefaultMessagingService INFO Closing channel on service path '/services/terminals/1392767981'.
2026-09-03T02:38:48.798Z core:WebsocketFrontendConnectionService INFO creating connection for 41643400-8c81-4244-8ea5-31d493a856d9
2026-09-03T02:38:49.132Z core:CommandRegistry WARN A command ideSeam.toggleSeamView is already registered.
2026-09-03T02:38:49.132Z core:CommandRegistry WARN A command ideSeam.statePacket is already registered.
2026-09-03T02:38:49.132Z core:CommandRegistry WARN A command ideSeam.applyPatch is already registered.
2026-09-03T02:38:49.132Z core:CommandRegistry WARN A command ideSeam.runPython is already registered.
2026-09-03T02:38:49.173Z core:FrontendStopwatch INFO Start frontend contributions: 93.3 ms [0.884 s since frontend page start]
2026-09-03T02:38:49.173Z core:FrontendApplicationStateService INFO Changed application state from 'init' to 'started_contributions'.
2026-09-03T02:38:49.178Z core:FrontendApplicationStateService INFO Changed application state from 'started_contributions' to 'attached_shell'.
2026-09-03T02:38:49.178Z core:ShellLayoutRestorer INFO >>> Restoring the layout state...
2026-09-03T02:38:49.197Z core:ShellLayoutRestorer INFO <<< Nothing to restore.
2026-09-03T02:38:49.252Z core:FrontendStopwatch INFO Initialize the workbench layout: 73.8 ms [0.970 s since frontend page start]
2026-09-03T02:38:49.252Z core:FrontendApplicationStateService INFO Changed application state from 'attached_shell' to 'initialized_layout'.
2026-09-03T02:38:50.068Z core:FrontendStopwatch INFO Replace loading indicator with ready workbench UI (animation): 815.8 ms [1.786 s since frontend page start]
2026-09-03T02:38:50.068Z core:FrontendApplicationStateService INFO Changed application state from 'initialized_layout' to 'ready'.
2026-09-03T02:38:50.069Z core:Stopwatch INFO Frontend application startup sequence completed (async work may still be pending): 953.1 ms [739.648 s since backend process start]
2026-09-03T02:38:50.069Z core:FrontendStopwatch INFO All frontend contributions settled: 995.4 ms [1.786 s since frontend page start]
2026-09-03T02:39:10.590Z core:WebsocketFrontendConnectionService INFO socket closed
2026-09-03T02:39:10.590Z core:WebsocketFrontendConnectionService INFO closing connection for 41643400-8c81-4244-8ea5-31d493a856d9
2026-09-03T02:39:10.590Z core:DefaultMessagingService INFO Closing channel on service path '/localization-server'.
2026-09-03T02:39:10.590Z core:DefaultMessagingService INFO Closing channel on service path '/os'.
2026-09-03T02:39:10.590Z core:DefaultMessagingService INFO Closing channel on service path '/services/logger'.
2026-09-03T02:39:10.590Z core:DefaultMessagingService INFO Closing channel on service path '/services/commands'.
2026-09-03T02:39:10.590Z core:DefaultMessagingService INFO Closing channel on service path '/services/messageService'.
2026-09-03T02:39:10.590Z core:DefaultMessagingService INFO Closing channel on service path '/services/remote-filesystem'.
2026-09-03T02:39:10.590Z core:DefaultMessagingService INFO Closing channel on service path '/services/envs'.
2026-09-03T02:39:10.590Z core:DefaultMessagingService INFO Closing channel on service path '/services/workspace'.
2026-09-03T02:39:10.590Z core:DefaultMessagingService INFO Closing channel on service path '/services/quickInput'.
2026-09-03T02:39:10.590Z core:DefaultMessagingService INFO Closing channel on service path '/services/stopwatch'.
2026-09-03T02:39:10.590Z core:DefaultMessagingService INFO Closing channel on service path '/services/application'.
2026-09-03T02:39:10.590Z core:DefaultMessagingService INFO Closing channel on service path '/services/i18n'.
2026-09-03T02:39:10.590Z core:DefaultMessagingService INFO Closing channel on service path '/services/shell-terminal'.
2026-09-03T02:39:10.590Z core:DefaultMessagingService INFO Closing channel on service path '/services/task'.
2026-09-03T02:39:10.590Z core:DefaultMessagingService INFO Closing channel on service path '/services/quickPick'.
2026-09-03T02:39:10.590Z core:DefaultMessagingService INFO Closing channel on service path '/services/cli-preferences'.
2026-09-03T02:39:10.590Z core:DefaultMessagingService INFO Closing channel on service path '/services/search'.
2026-09-03T02:39:10.590Z core:DefaultMessagingService INFO Closing channel on service path '/services/terminals/2145710796'.
