yarn install v1.22.22
info No lockfile found.
[1/4] Resolving packages...
warning workspace-aggregator-9d36295e-83da-4824-8e13-552438fd7f47 > @poc/ide-seam > rimraf > glob@10.5.0: Old versions of glob are not supported, and contain widely publicized security vulnerabilities, which have been fixed in the current version. Please update. Support for old versions may be purchased (at exorbitant rates) by contacting i@izs.me
warning workspace-aggregator-9d36295e-83da-4824-8e13-552438fd7f47 > browser-app > @theia/cli > glob@8.1.0: Old versions of glob are not supported, and contain widely publicized security vulnerabilities, which have been fixed in the current version. Please update. Support for old versions may be purchased (at exorbitant rates) by contacting i@izs.me
warning workspace-aggregator-9d36295e-83da-4824-8e13-552438fd7f47 > @poc/ide-seam > @theia/core > react-tooltip > uuid@7.0.3: uuid@10 and below is no longer supported.  For ESM codebases, update to uuid@latest.  For CommonJS codebases, use uuid@11 (but be aware this version will likely be deprecated in 2028).
warning workspace-aggregator-9d36295e-83da-4824-8e13-552438fd7f47 > @poc/ide-seam > @theia/terminal > xterm-addon-fit@0.8.0: This package is now deprecated. Move to @xterm/addon-fit instead.
warning workspace-aggregator-9d36295e-83da-4824-8e13-552438fd7f47 > @poc/ide-seam > @theia/terminal > xterm-addon-search@0.13.0: This package is now deprecated. Move to @xterm/addon-search instead.
warning workspace-aggregator-9d36295e-83da-4824-8e13-552438fd7f47 > @poc/ide-seam > @theia/terminal > xterm-addon-webgl@0.16.0: This package is now deprecated. Move to @xterm/addon-webgl instead.
warning workspace-aggregator-9d36295e-83da-4824-8e13-552438fd7f47 > @poc/ide-seam > @theia/terminal > xterm@5.3.0: This package is now deprecated. Move to @xterm/xterm instead.
warning workspace-aggregator-9d36295e-83da-4824-8e13-552438fd7f47 > @poc/ide-seam > @theia/core > keytar > prebuild-install@7.1.3: No longer maintained. Please contact the author of the relevant native addon; alternatives are available.
warning workspace-aggregator-9d36295e-83da-4824-8e13-552438fd7f47 > @poc/ide-seam > @theia/core > drivelist > prebuild-install@7.1.3: No longer maintained. Please contact the author of the relevant native addon; alternatives are available.
warning workspace-aggregator-9d36295e-83da-4824-8e13-552438fd7f47 > browser-app > @theia/cli > temp > rimraf@2.6.3: Rimraf versions prior to v4 are no longer supported
warning workspace-aggregator-9d36295e-83da-4824-8e13-552438fd7f47 > browser-app > @theia/cli > temp > rimraf > glob@7.2.3: Old versions of glob are not supported, and contain widely publicized security vulnerabilities, which have been fixed in the current version. Please update. Support for old versions may be purchased (at exorbitant rates) by contacting i@izs.me
warning workspace-aggregator-9d36295e-83da-4824-8e13-552438fd7f47 > browser-app > @theia/cli > mocha > glob@10.5.0: Old versions of glob are not supported, and contain widely publicized security vulnerabilities, which have been fixed in the current version. Please update. Support for old versions may be purchased (at exorbitant rates) by contacting i@izs.me
warning workspace-aggregator-9d36295e-83da-4824-8e13-552438fd7f47 > browser-app > @theia/cli > glob > inflight@1.0.6: This module is not supported, and leaks memory. Do not use it. Check out lru-cache if you want a good and tested way to coalesce async requests by a key value, which is much more comprehensive and powerful.
warning workspace-aggregator-9d36295e-83da-4824-8e13-552438fd7f47 > browser-app > @theia/cli > temp > rimraf > glob > inflight@1.0.6: This module is not supported, and leaks memory. Do not use it. Check out lru-cache if you want a good and tested way to coalesce async requests by a key value, which is much more comprehensive and powerful.
warning workspace-aggregator-9d36295e-83da-4824-8e13-552438fd7f47 > browser-app > @theia/cli > @theia/localization-manager > glob@7.2.3: Old versions of glob are not supported, and contain widely publicized security vulnerabilities, which have been fixed in the current version. Please update. Support for old versions may be purchased (at exorbitant rates) by contacting i@izs.me
warning workspace-aggregator-9d36295e-83da-4824-8e13-552438fd7f47 > @poc/ide-seam > @theia/filesystem > trash > uuid@8.3.2: uuid@10 and below is no longer supported.  For ESM codebases, update to uuid@latest.  For CommonJS codebases, use uuid@11 (but be aware this version will likely be deprecated in 2028).
warning workspace-aggregator-9d36295e-83da-4824-8e13-552438fd7f47 > @poc/ide-seam > @theia/filesystem > trash > globby > glob@7.2.3: Old versions of glob are not supported, and contain widely publicized security vulnerabilities, which have been fixed in the current version. Please update. Support for old versions may be purchased (at exorbitant rates) by contacting i@izs.me
warning workspace-aggregator-9d36295e-83da-4824-8e13-552438fd7f47 > browser-app > @theia/cli > http-server > html-encoding-sniffer > whatwg-encoding@2.0.0: Use @exodus/bytes instead for a more spec-conformant and faster implementation
warning workspace-aggregator-9d36295e-83da-4824-8e13-552438fd7f47 > browser-app > @theia/cli > @theia/ffmpeg > unzipper > fstream@1.0.12: This package is no longer supported.
warning workspace-aggregator-9d36295e-83da-4824-8e13-552438fd7f47 > browser-app > @theia/cli > @theia/ffmpeg > unzipper > fstream > rimraf@2.7.1: Rimraf versions prior to v4 are no longer supported
warning workspace-aggregator-9d36295e-83da-4824-8e13-552438fd7f47 > browser-app > @theia/cli > @theia/ffmpeg > unzipper > fstream > rimraf > glob@7.2.3: Old versions of glob are not supported, and contain widely publicized security vulnerabilities, which have been fixed in the current version. Please update. Support for old versions may be purchased (at exorbitant rates) by contacting i@izs.me
warning workspace-aggregator-9d36295e-83da-4824-8e13-552438fd7f47 > browser-app > @theia/cli > @theia/ffmpeg > @electron/get > global-agent > boolean@3.2.0: Package no longer supported. Contact Support at https://www.npmjs.com/support for more info.
warning workspace-aggregator-9d36295e-83da-4824-8e13-552438fd7f47 > browser-app > @theia/cli > @theia/ffmpeg > @electron/get > global-agent > roarr > boolean@3.2.0: Package no longer supported. Contact Support at https://www.npmjs.com/support for more info.
[2/4] Fetching packages...
warning bare-fs@4.8.1: The engine "bare" appears to be invalid.
[3/4] Linking dependencies...
warning "workspace-aggregator-9d36295e-83da-4824-8e13-552438fd7f47 > @poc/ide-seam > @theia/core@1.75.0" has unmet peer dependency "react@^19.0.0".
warning "workspace-aggregator-9d36295e-83da-4824-8e13-552438fd7f47 > @poc/ide-seam > @theia/core@1.75.0" has unmet peer dependency "react-dom@^19.0.0".
warning "workspace-aggregator-9d36295e-83da-4824-8e13-552438fd7f47 > @poc/ide-seam > @theia/core > react-tooltip@4.5.1" has unmet peer dependency "react@>=16.0.0".
warning "workspace-aggregator-9d36295e-83da-4824-8e13-552438fd7f47 > @poc/ide-seam > @theia/core > react-tooltip@4.5.1" has unmet peer dependency "react-dom@>=16.0.0".
warning "workspace-aggregator-9d36295e-83da-4824-8e13-552438fd7f47 > @poc/ide-seam > @theia/core > react-virtuoso@2.19.1" has unmet peer dependency "react@>=16 || >=17 || >= 18".
warning "workspace-aggregator-9d36295e-83da-4824-8e13-552438fd7f47 > @poc/ide-seam > @theia/core > react-virtuoso@2.19.1" has unmet peer dependency "react-dom@>=16 || >=17 || >= 18".
warning "workspace-aggregator-9d36295e-83da-4824-8e13-552438fd7f47 > browser-app > @theia/messages > react-perfect-scrollbar@1.5.8" has unmet peer dependency "react@>=16.3.3".
warning "workspace-aggregator-9d36295e-83da-4824-8e13-552438fd7f47 > browser-app > @theia/messages > react-perfect-scrollbar@1.5.8" has unmet peer dependency "react-dom@>=16.3.3".
warning "workspace-aggregator-9d36295e-83da-4824-8e13-552438fd7f47 > @poc/ide-seam > @theia/core > react-virtuoso > @virtuoso.dev/react-urx@0.2.13" has unmet peer dependency "react@>=16".
[4/4] Building fresh packages...
success Saved lockfile.
Done in 235.91s.
